// Jest Snapshot v1, https://goo.gl/fbAQLP

exports[`List component renders the UI as expected 1`] = `
<section
  className="List"
>
  <header
    className="List-header"
  >
    <h2>
      tester
    </h2>
    <div
      className="List-cards"
    >
      <div
        className="Card"
      >
        <button
          type="button"
        >
          delete
        </button>
        <h3>
          test1
        </h3>
        <p />
      </div>
      <div
        className="Card"
      >
        <button
          type="button"
        >
          delete
        </button>
        <h3>
          test2
        </h3>
        <p />
      </div>
      <button
        className="List-add-button"
        type="button"
      >
        + Add Random Card
      </button>
    </div>
  </header>
</section>
`;
